<?xml version="1.0" encoding="UTF-8"?>
<TestRun id="4784a0b4-0f9f-4d9f-9a30-b3c3d1ff9f1d" name="cfc@CFC-WINDOWS 2012-01-11 22:07:40" runUser="cfc-windows\cfc" xmlns="http://microsoft.com/schemas/VisualStudio/TeamTest/2010">
  <TestSettings name="Local" id="3282472d-88bf-40f6-b2e7-bdaac513d63a">
    <Description>These are default test settings for a local test run.</Description>
    <Deployment enabled="false" runDeploymentRoot="cfc_CFC-WINDOWS 2012-01-11 22_07_40">
      <DeploymentItem filename="C:\Projetos\CursoTestes\Vendas\bin\Debug\Vendas.exe" />
    </Deployment>
    <Execution>
      <TestTypeSpecific />
      <AgentRule name="Execution Agents">
      </AgentRule>
    </Execution>
  </TestSettings>
  <Times creation="2012-01-11T22:07:40.6002870-02:00" queuing="2012-01-11T22:07:40.6132877-02:00" start="2012-01-11T22:07:40.6502898-02:00" finish="2012-01-11T22:07:40.9613076-02:00" />
  <ResultSummary outcome="Completed">
    <Counters total="3" executed="3" passed="3" error="0" failed="0" timeout="0" aborted="0" inconclusive="0" passedButRunAborted="0" notRunnable="0" notExecuted="0" disconnected="0" warning="0" completed="0" inProgress="0" pending="0" />
  </ResultSummary>
  <TestDefinitions>
    <UnitTest name="testaValor200e33centsEsperaRetorno10e1cent" storage="c:\projetos\cursotestes\vendasunittests\bin\debug\vendasunittests.dll" id="2d4bf713-1875-78c7-5d55-f0a21e7726f2">
      <Execution id="5c6097f8-d1a0-4c4a-b4ae-899a328533d3" />
      <TestMethod codeBase="C:/Projetos/CursoTestes/VendasUnitTests/bin/Debug/VendasUnitTests.DLL" adapterTypeName="Microsoft.VisualStudio.TestTools.TestTypes.Unit.UnitTestAdapter, Microsoft.VisualStudio.QualityTools.Tips.UnitTest.Adapter, Version=10.0.0.0, Culture=neutral, PublicKeyToken=b03f5f7f11d50a3a" className="TestProject.CalculadoraComissaoUnitTest, VendasUnitTests, Version=1.0.0.0, Culture=neutral, PublicKeyToken=null" name="testaValor200e33centsEsperaRetorno10e1cent" />
    </UnitTest>
    <UnitTest name="testaValor100EsperaRetorno5" storage="c:\projetos\cursotestes\vendasunittests\bin\debug\vendasunittests.dll" id="83fbda11-42ae-38b8-7669-630191670a57">
      <Execution id="88d9451e-f51d-4542-8ab5-24daaabbcd63" />
      <TestMethod codeBase="C:/Projetos/CursoTestes/VendasUnitTests/bin/Debug/VendasUnitTests.DLL" adapterTypeName="Microsoft.VisualStudio.TestTools.TestTypes.Unit.UnitTestAdapter, Microsoft.VisualStudio.QualityTools.Tips.UnitTest.Adapter, Version=10.0.0.0, Culture=neutral, PublicKeyToken=b03f5f7f11d50a3a" className="TestProject.CalculadoraComissaoUnitTest, VendasUnitTests, Version=1.0.0.0, Culture=neutral, PublicKeyToken=null" name="testaValor100EsperaRetorno5" />
    </UnitTest>
    <UnitTest name="testaValor200EsperaRetorno10" storage="c:\projetos\cursotestes\vendasunittests\bin\debug\vendasunittests.dll" id="82e7eb6d-543c-891e-0e22-8a6e3627855f">
      <Execution id="8af3898e-2df8-4fff-aff5-847a1d2d8972" />
      <TestMethod codeBase="C:/Projetos/CursoTestes/VendasUnitTests/bin/Debug/VendasUnitTests.DLL" adapterTypeName="Microsoft.VisualStudio.TestTools.TestTypes.Unit.UnitTestAdapter, Microsoft.VisualStudio.QualityTools.Tips.UnitTest.Adapter, Version=10.0.0.0, Culture=neutral, PublicKeyToken=b03f5f7f11d50a3a" className="TestProject.CalculadoraComissaoUnitTest, VendasUnitTests, Version=1.0.0.0, Culture=neutral, PublicKeyToken=null" name="testaValor200EsperaRetorno10" />
    </UnitTest>
  </TestDefinitions>
  <TestLists>
    <TestList name="Results Not in a List" id="8c84fa94-04c1-424b-9868-57a2d4851a1d" />
    <TestList name="All Loaded Results" id="19431567-8539-422a-85d7-44ee4e166bda" />
  </TestLists>
  <TestEntries>
    <TestEntry testId="2d4bf713-1875-78c7-5d55-f0a21e7726f2" executionId="5c6097f8-d1a0-4c4a-b4ae-899a328533d3" testListId="8c84fa94-04c1-424b-9868-57a2d4851a1d" />
    <TestEntry testId="82e7eb6d-543c-891e-0e22-8a6e3627855f" executionId="8af3898e-2df8-4fff-aff5-847a1d2d8972" testListId="8c84fa94-04c1-424b-9868-57a2d4851a1d" />
    <TestEntry testId="83fbda11-42ae-38b8-7669-630191670a57" executionId="88d9451e-f51d-4542-8ab5-24daaabbcd63" testListId="8c84fa94-04c1-424b-9868-57a2d4851a1d" />
  </TestEntries>
  <Results>
    <UnitTestResult executionId="5c6097f8-d1a0-4c4a-b4ae-899a328533d3" testId="2d4bf713-1875-78c7-5d55-f0a21e7726f2" testName="testaValor200e33centsEsperaRetorno10e1cent" computerName="CFC-WINDOWS" duration="00:00:00.0238683" startTime="2012-01-11T22:07:40.6532900-02:00" endTime="2012-01-11T22:07:40.9083046-02:00" testType="13cdc9d9-ddb5-4fa4-a97d-d965ccfc6d4b" outcome="Passed" testListId="8c84fa94-04c1-424b-9868-57a2d4851a1d" relativeResultsDirectory="5c6097f8-d1a0-4c4a-b4ae-899a328533d3">
    </UnitTestResult>
    <UnitTestResult executionId="8af3898e-2df8-4fff-aff5-847a1d2d8972" testId="82e7eb6d-543c-891e-0e22-8a6e3627855f" testName="testaValor200EsperaRetorno10" computerName="CFC-WINDOWS" duration="00:00:00.0002848" startTime="2012-01-11T22:07:40.9103047-02:00" endTime="2012-01-11T22:07:40.9153050-02:00" testType="13cdc9d9-ddb5-4fa4-a97d-d965ccfc6d4b" outcome="Passed" testListId="8c84fa94-04c1-424b-9868-57a2d4851a1d" relativeResultsDirectory="8af3898e-2df8-4fff-aff5-847a1d2d8972">
    </UnitTestResult>
    <UnitTestResult executionId="88d9451e-f51d-4542-8ab5-24daaabbcd63" testId="83fbda11-42ae-38b8-7669-630191670a57" testName="testaValor100EsperaRetorno5" computerName="CFC-WINDOWS" duration="00:00:00.0003095" startTime="2012-01-11T22:07:40.9393064-02:00" endTime="2012-01-11T22:07:40.9473068-02:00" testType="13cdc9d9-ddb5-4fa4-a97d-d965ccfc6d4b" outcome="Passed" testListId="8c84fa94-04c1-424b-9868-57a2d4851a1d" relativeResultsDirectory="88d9451e-f51d-4542-8ab5-24daaabbcd63">
    </UnitTestResult>
  </Results>
</TestRun>